[2m2026-02-03T08:56:54.642024Z[0m [32m INFO[0m [2msqlx::postgres::notice[0m[2m:[0m relation "sex" already exists, skipping
[2m2026-02-03T08:56:54.642283Z[0m [32m INFO[0m [2mdb[0m[2m:[0m app start
[2m2026-02-03T09:01:36.104611Z[0m [32m INFO[0m [2mteloxide::dispatching::dispatcher[0m[2m:[0m ^C received, trying to shutdown the dispatcher...
[2m2026-02-03T09:01:36.104689Z[0m [32m INFO[0m [2mteloxide::utils::shutdown_token[0m[2m:[0m Trying to shutdown the dispatcher...
[2m2026-02-03T09:01:49.149656Z[0m [32m INFO[0m [2mteloxide::utils::shutdown_token[0m[2m:[0m Dispatching has been shut down.
[2m2026-02-03T09:01:49.149680Z[0m [32m INFO[0m [2mteloxide::dispatching::dispatcher[0m[2m:[0m dispatcher is shutdown...
[2m2026-02-03T09:01:53.280721Z[0m [32m INFO[0m [2msqlx::postgres::notice[0m[2m:[0m relation "sex" already exists, skipping
[2m2026-02-03T09:01:53.281015Z[0m [32m INFO[0m [2mdb[0m[2m:[0m app start
[2m2026-02-03T09:02:04.145985Z[0m [32m INFO[0m [2mdb::database[0m[2m:[0m add was successful
[2m2026-02-03T09:02:10.218854Z[0m [32m INFO[0m [2mdb::database[0m[2m:[0m delete was successful
[2m2026-02-03T09:02:15.192847Z[0m [32m INFO[0m [2mdb::database[0m[2m:[0m delete was successful
[2m2026-02-03T09:03:43.285015Z[0m [32m INFO[0m [2mteloxide::dispatching::dispatcher[0m[2m:[0m ^C received, trying to shutdown the dispatcher...
[2m2026-02-03T09:03:43.285071Z[0m [32m INFO[0m [2mteloxide::utils::shutdown_token[0m[2m:[0m Trying to shutdown the dispatcher...
[2m2026-02-03T09:03:56.063897Z[0m [32m INFO[0m [2mteloxide::utils::shutdown_token[0m[2m:[0m Dispatching has been shut down.
[2m2026-02-03T09:03:56.064001Z[0m [32m INFO[0m [2mteloxide::dispatching::dispatcher[0m[2m:[0m dispatcher is shutdown...
[2m2026-02-03T09:04:07.701999Z[0m [32m INFO[0m [2msqlx::postgres::notice[0m[2m:[0m relation "sex" already exists, skipping
[2m2026-02-03T09:04:07.702306Z[0m [32m INFO[0m [2mdb[0m[2m:[0m app start
[2m2026-02-03T09:04:41.896337Z[0m [32m INFO[0m [2mdb::database[0m[2m:[0m add was successful
[2m2026-02-03T09:04:51.544961Z[0m [32m INFO[0m [2mdb::database[0m[2m:[0m add was successful
[2m2026-02-03T09:04:51.545517Z[0m [32m INFO[0m [2mdb::database[0m[2m:[0m recive from redis succsessful
[2m2026-02-03T09:05:48.687940Z[0m [32m INFO[0m [2mdb::database[0m[2m:[0m delete was successful
[2m2026-02-03T09:05:49.337783Z[0m [32m INFO[0m [2mdb::database[0m[2m:[0m delete was successful
[2m2026-02-03T09:05:49.869125Z[0m [32m INFO[0m [2mdb::database[0m[2m:[0m delete was successful
[2m2026-02-03T09:05:50.495129Z[0m [32m INFO[0m [2mdb::database[0m[2m:[0m delete was successful
[2m2026-02-03T09:07:01.682898Z[0m [32m INFO[0m [2mteloxide::dispatching::dispatcher[0m[2m:[0m ^C received, trying to shutdown the dispatcher...
[2m2026-02-03T09:07:01.682957Z[0m [32m INFO[0m [2mteloxide::utils::shutdown_token[0m[2m:[0m Trying to shutdown the dispatcher...
[2m2026-02-03T09:07:12.204727Z[0m [32m INFO[0m [2mteloxide::utils::shutdown_token[0m[2m:[0m Dispatching has been shut down.
[2m2026-02-03T09:07:12.204747Z[0m [32m INFO[0m [2mteloxide::dispatching::dispatcher[0m[2m:[0m dispatcher is shutdown...
[2m2026-02-03T09:07:18.798076Z[0m [32m INFO[0m [2msqlx::postgres::notice[0m[2m:[0m relation "sex" already exists, skipping
[2m2026-02-03T09:07:18.798380Z[0m [32m INFO[0m [2mdb[0m[2m:[0m app start
[2m2026-02-03T09:07:26.256251Z[0m [32m INFO[0m [2mdb::database[0m[2m:[0m add was successful
[2m2026-02-03T09:07:28.862023Z[0m [32m INFO[0m [2mdb::database[0m[2m:[0m delete was successful
[2m2026-02-03T09:08:35.684720Z[0m [32m INFO[0m [2mteloxide::dispatching::dispatcher[0m[2m:[0m ^C received, trying to shutdown the dispatcher...
[2m2026-02-03T09:08:35.684779Z[0m [32m INFO[0m [2mteloxide::utils::shutdown_token[0m[2m:[0m Trying to shutdown the dispatcher...
[2m2026-02-03T09:08:47.067177Z[0m [32m INFO[0m [2mteloxide::utils::shutdown_token[0m[2m:[0m Dispatching has been shut down.
[2m2026-02-03T09:08:47.067194Z[0m [32m INFO[0m [2mteloxide::dispatching::dispatcher[0m[2m:[0m dispatcher is shutdown...
[2m2026-02-03T09:08:50.118498Z[0m [32m INFO[0m [2msqlx::postgres::notice[0m[2m:[0m relation "sex" already exists, skipping
[2m2026-02-03T09:08:50.118800Z[0m [32m INFO[0m [2mdb[0m[2m:[0m app start
[2m2026-02-03T09:08:58.101550Z[0m [32m INFO[0m [2mdb::database[0m[2m:[0m add was successful
[2m2026-02-03T09:08:59.049940Z[0m [32m INFO[0m [2mdb::database[0m[2m:[0m add was successful
[2m2026-02-03T09:09:00.255738Z[0m [31mERROR[0m [2mdb::database[0m[2m:[0m delete was successful
[2m2026-02-03T09:10:26.894961Z[0m [32m INFO[0m [2mteloxide::dispatching::dispatcher[0m[2m:[0m ^C received, trying to shutdown the dispatcher...
[2m2026-02-03T09:10:26.895015Z[0m [32m INFO[0m [2mteloxide::utils::shutdown_token[0m[2m:[0m Trying to shutdown the dispatcher...
[2m2026-02-03T09:10:30.821050Z[0m [32m INFO[0m [2mteloxide::utils::shutdown_token[0m[2m:[0m Dispatching has been shut down.
[2m2026-02-03T09:10:30.821071Z[0m [32m INFO[0m [2mteloxide::dispatching::dispatcher[0m[2m:[0m dispatcher is shutdown...
[2m2026-02-03T09:10:34.807102Z[0m [32m INFO[0m [2msqlx::postgres::notice[0m[2m:[0m relation "sex" already exists, skipping
[2m2026-02-03T09:10:34.807380Z[0m [32m INFO[0m [2mdb[0m[2m:[0m app start
[2m2026-02-03T09:10:43.462893Z[0m [32m INFO[0m [2mdb::database[0m[2m:[0m delete was successful
[2m2026-02-03T09:10:59.476365Z[0m [31mERROR[0m [2mteloxide::error_handlers[0m[2m:[0m Error: Api(MessageNotModified)
[2m2026-02-03T09:11:00.215988Z[0m [31mERROR[0m [2mteloxide::error_handlers[0m[2m:[0m Error: Api(MessageNotModified)
[2m2026-02-03T09:18:36.708969Z[0m [32m INFO[0m [2mteloxide::dispatching::dispatcher[0m[2m:[0m ^C received, trying to shutdown the dispatcher...
[2m2026-02-03T09:18:36.709038Z[0m [32m INFO[0m [2mteloxide::utils::shutdown_token[0m[2m:[0m Trying to shutdown the dispatcher...
[2m2026-02-03T09:18:44.053292Z[0m [32m INFO[0m [2mteloxide::utils::shutdown_token[0m[2m:[0m Dispatching has been shut down.
[2m2026-02-03T09:18:44.053312Z[0m [32m INFO[0m [2mteloxide::dispatching::dispatcher[0m[2m:[0m dispatcher is shutdown...
[2m2026-02-03T09:21:21.974773Z[0m [32m INFO[0m [2msqlx::postgres::notice[0m[2m:[0m relation "sex" already exists, skipping
[2m2026-02-03T09:21:21.975168Z[0m [32m INFO[0m [2mdb[0m[2m:[0m app start
[2m2026-02-03T09:21:34.093543Z[0m [32m INFO[0m [2mdb::database[0m[2m:[0m add was successful
[2m2026-02-03T09:21:35.106671Z[0m [32m INFO[0m [2mdb::database[0m[2m:[0m delete was successful
[2m2026-02-03T09:21:36.290814Z[0m [31mERROR[0m [2mdb::handlers[0m[2m:[0m no rows returned by a query that expected to return at least one row
[2m2026-02-03T09:21:48.825972Z[0m [32m INFO[0m [2mteloxide::dispatching::dispatcher[0m[2m:[0m ^C received, trying to shutdown the dispatcher...
[2m2026-02-03T09:21:48.826027Z[0m [32m INFO[0m [2mteloxide::utils::shutdown_token[0m[2m:[0m Trying to shutdown the dispatcher...
[2m2026-02-03T09:22:06.474494Z[0m [32m INFO[0m [2mteloxide::utils::shutdown_token[0m[2m:[0m Dispatching has been shut down.
[2m2026-02-03T09:22:06.474512Z[0m [32m INFO[0m [2mteloxide::dispatching::dispatcher[0m[2m:[0m dispatcher is shutdown...
[2m2026-02-03T09:31:44.878198Z[0m [32m INFO[0m [2msqlx::postgres::notice[0m[2m:[0m relation "sex" already exists, skipping
[2m2026-02-03T09:31:55.452931Z[0m [32m INFO[0m [2mdb::database[0m[2m:[0m delete was successful
[2m2026-02-03T09:31:56.028399Z[0m [32m INFO[0m [2mdb::database[0m[2m:[0m delete was successful
[2m2026-02-03T09:32:00.611639Z[0m [32m INFO[0m [2mdb::database[0m[2m:[0m delete was successful
[2m2026-02-03T09:32:08.147082Z[0m [31mERROR[0m [2mdb::messages[0m[2m:[0m postgres error -> no rows returned by a query that expected to return at least one row
[2m2026-02-03T12:12:26.829240Z[0m [32m INFO[0m [2mteloxide::dispatching::dispatcher[0m[2m:[0m ^C received, trying to shutdown the dispatcher...
[2m2026-02-03T12:12:26.830351Z[0m [32m INFO[0m [2mteloxide::utils::shutdown_token[0m[2m:[0m Trying to shutdown the dispatcher...
[2m2026-02-03T12:12:40.590706Z[0m [32m INFO[0m [2mteloxide::dispatching::dispatcher[0m[2m:[0m dispatcher is shutdown...
[2m2026-02-03T12:12:40.590700Z[0m [32m INFO[0m [2mteloxide::utils::shutdown_token[0m[2m:[0m Dispatching has been shut down.
